Archive member included because of file (symbol)

d:/embedded projects/nti/programes/sdk_win_64/sdk_win_64/winavr/bin/../lib/gcc/avr/4.3.3/avr5\libgcc.a(_mulsi3.o)
                              ./main.o (__mulsi3)
d:/embedded projects/nti/programes/sdk_win_64/sdk_win_64/winavr/bin/../lib/gcc/avr/4.3.3/avr5\libgcc.a(_udivmodhi4.o)
                              ./main.o (__udivmodhi4)
d:/embedded projects/nti/programes/sdk_win_64/sdk_win_64/winavr/bin/../lib/gcc/avr/4.3.3/avr5\libgcc.a(_exit.o)
                              d:/embedded projects/nti/programes/sdk_win_64/sdk_win_64/winavr/bin/../lib/gcc/avr/4.3.3/../../../../avr/lib/avr5/crtm32.o (exit)
d:/embedded projects/nti/programes/sdk_win_64/sdk_win_64/winavr/bin/../lib/gcc/avr/4.3.3/avr5\libgcc.a(_copy_data.o)
                              ./HAL/LCD.o (__do_copy_data)
d:/embedded projects/nti/programes/sdk_win_64/sdk_win_64/winavr/bin/../lib/gcc/avr/4.3.3/avr5\libgcc.a(_clear_bss.o)
                              ./MCAL/TIMER/TIMER_Program.o (__do_clear_bss)
d:/embedded projects/nti/programes/sdk_win_64/sdk_win_64/winavr/bin/../lib/gcc/avr/4.3.3/avr5\libgcc.a(_fixunssfsi.o)
                              ./HAL/LCD.o (__fixunssfsi)
d:/embedded projects/nti/programes/sdk_win_64/sdk_win_64/winavr/bin/../lib/gcc/avr/4.3.3/avr5\libgcc.a(_addsub_sf.o)
                              ./HAL/LCD.o (__subsf3)
d:/embedded projects/nti/programes/sdk_win_64/sdk_win_64/winavr/bin/../lib/gcc/avr/4.3.3/avr5\libgcc.a(_mul_sf.o)
                              ./HAL/LCD.o (__mulsf3)
d:/embedded projects/nti/programes/sdk_win_64/sdk_win_64/winavr/bin/../lib/gcc/avr/4.3.3/avr5\libgcc.a(_gt_sf.o)
                              ./HAL/LCD.o (__gtsf2)
d:/embedded projects/nti/programes/sdk_win_64/sdk_win_64/winavr/bin/../lib/gcc/avr/4.3.3/avr5\libgcc.a(_ge_sf.o)
                              d:/embedded projects/nti/programes/sdk_win_64/sdk_win_64/winavr/bin/../lib/gcc/avr/4.3.3/avr5\libgcc.a(_fixunssfsi.o) (__gesf2)
d:/embedded projects/nti/programes/sdk_win_64/sdk_win_64/winavr/bin/../lib/gcc/avr/4.3.3/avr5\libgcc.a(_lt_sf.o)
                              ./HAL/LCD.o (__ltsf2)
d:/embedded projects/nti/programes/sdk_win_64/sdk_win_64/winavr/bin/../lib/gcc/avr/4.3.3/avr5\libgcc.a(_si_to_sf.o)
                              ./HAL/LCD.o (__floatsisf)
d:/embedded projects/nti/programes/sdk_win_64/sdk_win_64/winavr/bin/../lib/gcc/avr/4.3.3/avr5\libgcc.a(_sf_to_si.o)
                              ./HAL/LCD.o (__fixsfsi)
d:/embedded projects/nti/programes/sdk_win_64/sdk_win_64/winavr/bin/../lib/gcc/avr/4.3.3/avr5\libgcc.a(_thenan_sf.o)
                              d:/embedded projects/nti/programes/sdk_win_64/sdk_win_64/winavr/bin/../lib/gcc/avr/4.3.3/avr5\libgcc.a(_addsub_sf.o) (__thenan_sf)
d:/embedded projects/nti/programes/sdk_win_64/sdk_win_64/winavr/bin/../lib/gcc/avr/4.3.3/avr5\libgcc.a(_prologue.o)
                              d:/embedded projects/nti/programes/sdk_win_64/sdk_win_64/winavr/bin/../lib/gcc/avr/4.3.3/avr5\libgcc.a(_addsub_sf.o) (__prologue_saves__)
d:/embedded projects/nti/programes/sdk_win_64/sdk_win_64/winavr/bin/../lib/gcc/avr/4.3.3/avr5\libgcc.a(_epilogue.o)
                              d:/embedded projects/nti/programes/sdk_win_64/sdk_win_64/winavr/bin/../lib/gcc/avr/4.3.3/avr5\libgcc.a(_addsub_sf.o) (__epilogue_restores__)
d:/embedded projects/nti/programes/sdk_win_64/sdk_win_64/winavr/bin/../lib/gcc/avr/4.3.3/avr5\libgcc.a(_clzsi2.o)
                              d:/embedded projects/nti/programes/sdk_win_64/sdk_win_64/winavr/bin/../lib/gcc/avr/4.3.3/avr5\libgcc.a(_si_to_sf.o) (__clzsi2)
d:/embedded projects/nti/programes/sdk_win_64/sdk_win_64/winavr/bin/../lib/gcc/avr/4.3.3/avr5\libgcc.a(_pack_sf.o)
                              d:/embedded projects/nti/programes/sdk_win_64/sdk_win_64/winavr/bin/../lib/gcc/avr/4.3.3/avr5\libgcc.a(_addsub_sf.o) (__pack_f)
d:/embedded projects/nti/programes/sdk_win_64/sdk_win_64/winavr/bin/../lib/gcc/avr/4.3.3/avr5\libgcc.a(_unpack_sf.o)
                              d:/embedded projects/nti/programes/sdk_win_64/sdk_win_64/winavr/bin/../lib/gcc/avr/4.3.3/avr5\libgcc.a(_addsub_sf.o) (__unpack_f)
d:/embedded projects/nti/programes/sdk_win_64/sdk_win_64/winavr/bin/../lib/gcc/avr/4.3.3/avr5\libgcc.a(_fpcmp_parts_sf.o)
                              d:/embedded projects/nti/programes/sdk_win_64/sdk_win_64/winavr/bin/../lib/gcc/avr/4.3.3/avr5\libgcc.a(_gt_sf.o) (__fpcmp_parts_f)
d:/embedded projects/nti/programes/sdk_win_64/sdk_win_64/winavr/bin/../lib/gcc/avr/4.3.3/avr5\libgcc.a(_clz.o)
                              d:/embedded projects/nti/programes/sdk_win_64/sdk_win_64/winavr/bin/../lib/gcc/avr/4.3.3/avr5\libgcc.a(_clzsi2.o) (__clz_tab)
d:/embedded projects/nti/programes/sdk_win_64/sdk_win_64/winavr/bin/../lib/gcc/avr/4.3.3/../../../../avr/lib/avr5\libc.a(memcpy.o)
                              ./Free_RTOS/queue.o (memcpy)
d:/embedded projects/nti/programes/sdk_win_64/sdk_win_64/winavr/bin/../lib/gcc/avr/4.3.3/../../../../avr/lib/avr5\libc.a(memset.o)
                              ./Free_RTOS/tasks.o (memset)
d:/embedded projects/nti/programes/sdk_win_64/sdk_win_64/winavr/bin/../lib/gcc/avr/4.3.3/../../../../avr/lib/avr5\libc.a(strncpy.o)
                              ./Free_RTOS/tasks.o (strncpy)
d:/embedded projects/nti/programes/sdk_win_64/sdk_win_64/winavr/bin/../lib/gcc/avr/4.3.3/../../../../avr/lib/avr5\libc.a(sprintf.o)
                              ./HAL/LCD.o (sprintf)
d:/embedded projects/nti/programes/sdk_win_64/sdk_win_64/winavr/bin/../lib/gcc/avr/4.3.3/../../../../avr/lib/avr5\libc.a(vfprintf_std.o)
                              d:/embedded projects/nti/programes/sdk_win_64/sdk_win_64/winavr/bin/../lib/gcc/avr/4.3.3/../../../../avr/lib/avr5\libc.a(sprintf.o) (vfprintf)
d:/embedded projects/nti/programes/sdk_win_64/sdk_win_64/winavr/bin/../lib/gcc/avr/4.3.3/../../../../avr/lib/avr5\libc.a(strnlen_P.o)
                              d:/embedded projects/nti/programes/sdk_win_64/sdk_win_64/winavr/bin/../lib/gcc/avr/4.3.3/../../../../avr/lib/avr5\libc.a(vfprintf_std.o) (strnlen_P)
d:/embedded projects/nti/programes/sdk_win_64/sdk_win_64/winavr/bin/../lib/gcc/avr/4.3.3/../../../../avr/lib/avr5\libc.a(strnlen.o)
                              d:/embedded projects/nti/programes/sdk_win_64/sdk_win_64/winavr/bin/../lib/gcc/avr/4.3.3/../../../../avr/lib/avr5\libc.a(vfprintf_std.o) (strnlen)
d:/embedded projects/nti/programes/sdk_win_64/sdk_win_64/winavr/bin/../lib/gcc/avr/4.3.3/../../../../avr/lib/avr5\libc.a(fputc.o)
                              d:/embedded projects/nti/programes/sdk_win_64/sdk_win_64/winavr/bin/../lib/gcc/avr/4.3.3/../../../../avr/lib/avr5\libc.a(vfprintf_std.o) (fputc)
d:/embedded projects/nti/programes/sdk_win_64/sdk_win_64/winavr/bin/../lib/gcc/avr/4.3.3/../../../../avr/lib/avr5\libc.a(ultoa_invert.o)
                              d:/embedded projects/nti/programes/sdk_win_64/sdk_win_64/winavr/bin/../lib/gcc/avr/4.3.3/../../../../avr/lib/avr5\libc.a(vfprintf_std.o) (__ultoa_invert)

Allocating common symbols
Common symbol       size              file

TIMER0_CallBack     0x2               ./MCAL/TIMER/TIMER_Program.o
CallBackFunction0   0x2               ./MCAL/MEXTI/MEXTI_Program.o
CallBackFunction2   0x2               ./MCAL/MEXTI/MEXTI_Program.o
CallBackFunction1   0x2               ./MCAL/MEXTI/MEXTI_Program.o
CLOCK               0xc               ./main.o
MADC_CallBack       0x2               ./MCAL/MADC/MADC_Program.o

Memory Configuration

Name             Origin             Length             Attributes
text             0x00000000         0x00020000         xr
data             0x00800060         0x0000ffa0         rw !x
eeprom           0x00810000         0x00010000         rw !x
fuse             0x00820000         0x00000400         rw !x
lock             0x00830000         0x00000400         rw !x
signature        0x00840000         0x00000400         rw !x
*default*        0x00000000         0xffffffff

Linker script and memory map

LOAD d:/embedded projects/nti/programes/sdk_win_64/sdk_win_64/winavr/bin/../lib/gcc/avr/4.3.3/../../../../avr/lib/avr5/crtm32.o
LOAD ./MCAL/TIMER/TIMER_Program.o
LOAD ./MCAL/MGIE/MGIE_Program.o
LOAD ./MCAL/MEXTI/MEXTI_Program.o
LOAD ./MCAL/MDIO/MDIO_Program.o
LOAD ./MCAL/MADC/MADC_Program.o
LOAD ./HAL/LCD.o
LOAD ./Free_RTOS/croutine.o
LOAD ./Free_RTOS/heap_1.o
LOAD ./Free_RTOS/list.o
LOAD ./Free_RTOS/port.o
LOAD ./Free_RTOS/queue.o
LOAD ./Free_RTOS/tasks.o
LOAD ./Free_RTOS/timers.o
LOAD ./main.o
LOAD d:/embedded projects/nti/programes/sdk_win_64/sdk_win_64/winavr/bin/../lib/gcc/avr/4.3.3/avr5\libgcc.a
LOAD d:/embedded projects/nti/programes/sdk_win_64/sdk_win_64/winavr/bin/../lib/gcc/avr/4.3.3/../../../../avr/lib/avr5\libc.a
LOAD d:/embedded projects/nti/programes/sdk_win_64/sdk_win_64/winavr/bin/../lib/gcc/avr/4.3.3/avr5\libgcc.a

.hash
 *(.hash)

.dynsym
 *(.dynsym)

.dynstr
 *(.dynstr)

.gnu.version
 *(.gnu.version)

.gnu.version_d
 *(.gnu.version_d)

.gnu.version_r
 *(.gnu.version_r)

.rel.init
 *(.rel.init)

.rela.init
 *(.rela.init)

.rel.text
 *(.rel.text)
 *(.rel.text.*)
 *(.rel.gnu.linkonce.t*)

.rela.text
 *(.rela.text)
 *(.rela.text.*)
 *(.rela.gnu.linkonce.t*)

.rel.fini
 *(.rel.fini)

.rela.fini
 *(.rela.fini)

.rel.rodata
 *(.rel.rodata)
 *(.rel.rodata.*)
 *(.rel.gnu.linkonce.r*)

.rela.rodata
 *(.rela.rodata)
 *(.rela.rodata.*)
 *(.rela.gnu.linkonce.r*)

.rel.data
 *(.rel.data)
 *(.rel.data.*)
 *(.rel.gnu.linkonce.d*)

.rela.data
 *(.rela.data)
 *(.rela.data.*)
 *(.rela.gnu.linkonce.d*)

.rel.ctors
 *(.rel.ctors)

.rela.ctors
 *(.rela.ctors)

.rel.dtors
 *(.rel.dtors)

.rela.dtors
 *(.rela.dtors)

.rel.got
 *(.rel.got)

.rela.got
 *(.rela.got)

.rel.bss
 *(.rel.bss)

.rela.bss
 *(.rela.bss)

.rel.plt
 *(.rel.plt)

.rela.plt
 *(.rela.plt)

.text           0x00000000     0x5a6c
 *(.vectors)
 .vectors       0x00000000       0x54 d:/embedded projects/nti/programes/sdk_win_64/sdk_win_64/winavr/bin/../lib/gcc/avr/4.3.3/../../../../avr/lib/avr5/crtm32.o
                0x00000000                __vectors
                0x00000000                __vector_default
 *(.vectors)
 *(.progmem.gcc*)
 *(.progmem*)
                0x00000054                . = ALIGN (0x2)
                0x00000054                __trampolines_start = .
 *(.trampolines)
 .trampolines   0x00000054        0x0 linker stubs
 *(.trampolines*)
                0x00000054                __trampolines_end = .
 *(.jumptables)
 *(.jumptables*)
 *(.lowtext)
 *(.lowtext*)
                0x00000054                __ctors_start = .
 *(.ctors)
                0x00000054                __ctors_end = .
                0x00000054                __dtors_start = .
 *(.dtors)
                0x00000054                __dtors_end = .
 SORT(*)(.ctors)
 SORT(*)(.dtors)
 *(.init0)
 .init0         0x00000054        0x0 d:/embedded projects/nti/programes/sdk_win_64/sdk_win_64/winavr/bin/../lib/gcc/avr/4.3.3/../../../../avr/lib/avr5/crtm32.o
                0x00000054                __init
 *(.init0)
 *(.init1)
 *(.init1)
 *(.init2)
 .init2         0x00000054        0xc d:/embedded projects/nti/programes/sdk_win_64/sdk_win_64/winavr/bin/../lib/gcc/avr/4.3.3/../../../../avr/lib/avr5/crtm32.o
 *(.init2)
 *(.init3)
 *(.init3)
 *(.init4)
 .init4         0x00000060       0x16 d:/embedded projects/nti/programes/sdk_win_64/sdk_win_64/winavr/bin/../lib/gcc/avr/4.3.3/avr5\libgcc.a(_copy_data.o)
                0x00000060                __do_copy_data
 .init4         0x00000076       0x10 d:/embedded projects/nti/programes/sdk_win_64/sdk_win_64/winavr/bin/../lib/gcc/avr/4.3.3/avr5\libgcc.a(_clear_bss.o)
                0x00000076                __do_clear_bss
 *(.init4)
 *(.init5)
 *(.init5)
 *(.init6)
 *(.init6)
 *(.init7)
 *(.init7)
 *(.init8)
 *(.init8)
 *(.init9)
 .init9         0x00000086        0x8 d:/embedded projects/nti/programes/sdk_win_64/sdk_win_64/winavr/bin/../lib/gcc/avr/4.3.3/../../../../avr/lib/avr5/crtm32.o
 *(.init9)
 *(.text)
 .text          0x0000008e        0x4 d:/embedded projects/nti/programes/sdk_win_64/sdk_win_64/winavr/bin/../lib/gcc/avr/4.3.3/../../../../avr/lib/avr5/crtm32.o
                0x0000008e                __vector_12
                0x0000008e                __bad_interrupt
                0x0000008e                __vector_6
                0x0000008e                __vector_13
                0x0000008e                __vector_17
                0x0000008e                __vector_19
                0x0000008e                __vector_5
                0x0000008e                __vector_4
                0x0000008e                __vector_9
                0x0000008e                __vector_15
                0x0000008e                __vector_8
                0x0000008e                __vector_14
                0x0000008e                __vector_18
                0x0000008e                __vector_20
 .text          0x00000092        0x0 ./MCAL/TIMER/TIMER_Program.o
 .text          0x00000092        0x0 ./MCAL/MGIE/MGIE_Program.o
 .text          0x00000092        0x0 ./MCAL/MEXTI/MEXTI_Program.o
 .text          0x00000092        0x0 ./MCAL/MDIO/MDIO_Program.o
 .text          0x00000092        0x0 ./MCAL/MADC/MADC_Program.o
 .text          0x00000092        0x0 ./HAL/LCD.o
 .text          0x00000092        0x0 ./Free_RTOS/croutine.o
 .text          0x00000092        0x0 ./Free_RTOS/heap_1.o
 .text          0x00000092        0x0 ./Free_RTOS/list.o
 .text          0x00000092        0x0 ./Free_RTOS/port.o
 .text          0x00000092        0x0 ./Free_RTOS/queue.o
 .text          0x00000092        0x0 ./Free_RTOS/tasks.o
 .text          0x00000092        0x0 ./Free_RTOS/timers.o
 .text          0x00000092        0x0 ./main.o
 .text          0x00000092        0x0 d:/embedded projects/nti/programes/sdk_win_64/sdk_win_64/winavr/bin/../lib/gcc/avr/4.3.3/avr5\libgcc.a(_mulsi3.o)
 .text          0x00000092        0x0 d:/embedded projects/nti/programes/sdk_win_64/sdk_win_64/winavr/bin/../lib/gcc/avr/4.3.3/avr5\libgcc.a(_udivmodhi4.o)
 .text          0x00000092        0x0 d:/embedded projects/nti/programes/sdk_win_64/sdk_win_64/winavr/bin/../lib/gcc/avr/4.3.3/avr5\libgcc.a(_exit.o)
 .text          0x00000092        0x0 d:/embedded projects/nti/programes/sdk_win_64/sdk_win_64/winavr/bin/../lib/gcc/avr/4.3.3/avr5\libgcc.a(_copy_data.o)
 .text          0x00000092        0x0 d:/embedded projects/nti/programes/sdk_win_64/sdk_win_64/winavr/bin/../lib/gcc/avr/4.3.3/avr5\libgcc.a(_clear_bss.o)
 .text          0x00000092       0x58 d:/embedded projects/nti/programes/sdk_win_64/sdk_win_64/winavr/bin/../lib/gcc/avr/4.3.3/avr5\libgcc.a(_fixunssfsi.o)
                0x00000092                __fixunssfsi
 .text          0x000000ea      0x354 d:/embedded projects/nti/programes/sdk_win_64/sdk_win_64/winavr/bin/../lib/gcc/avr/4.3.3/avr5\libgcc.a(_addsub_sf.o)
                0x00000382                __subsf3
                0x000003e4                __addsf3
 .text          0x0000043e      0x1f4 d:/embedded projects/nti/programes/sdk_win_64/sdk_win_64/winavr/bin/../lib/gcc/avr/4.3.3/avr5\libgcc.a(_mul_sf.o)
                0x0000043e                __mulsf3
 .text          0x00000632       0x60 d:/embedded projects/nti/programes/sdk_win_64/sdk_win_64/winavr/bin/../lib/gcc/avr/4.3.3/avr5\libgcc.a(_gt_sf.o)
                0x00000632                __gtsf2
 .text          0x00000692       0x60 d:/embedded projects/nti/programes/sdk_win_64/sdk_win_64/winavr/bin/../lib/gcc/avr/4.3.3/avr5\libgcc.a(_ge_sf.o)
                0x00000692                __gesf2
 .text          0x000006f2       0x60 d:/embedded projects/nti/programes/sdk_win_64/sdk_win_64/winavr/bin/../lib/gcc/avr/4.3.3/avr5\libgcc.a(_lt_sf.o)
                0x000006f2                __ltsf2
 .text          0x00000752       0xbc d:/embedded projects/nti/programes/sdk_win_64/sdk_win_64/winavr/bin/../lib/gcc/avr/4.3.3/avr5\libgcc.a(_si_to_sf.o)
                0x00000752                __floatsisf
 .text          0x0000080e       0xa8 d:/embedded projects/nti/programes/sdk_win_64/sdk_win_64/winavr/bin/../lib/gcc/avr/4.3.3/avr5\libgcc.a(_sf_to_si.o)
                0x0000080e                __fixsfsi
 .text          0x000008b6        0x0 d:/embedded projects/nti/programes/sdk_win_64/sdk_win_64/winavr/bin/../lib/gcc/avr/4.3.3/avr5\libgcc.a(_thenan_sf.o)
 .text          0x000008b6        0x0 d:/embedded projects/nti/programes/sdk_win_64/sdk_win_64/winavr/bin/../lib/gcc/avr/4.3.3/avr5\libgcc.a(_prologue.o)
 .text          0x000008b6        0x0 d:/embedded projects/nti/programes/sdk_win_64/sdk_win_64/winavr/bin/../lib/gcc/avr/4.3.3/avr5\libgcc.a(_epilogue.o)
 .text          0x000008b6       0x9e d:/embedded projects/nti/programes/sdk_win_64/sdk_win_64/winavr/bin/../lib/gcc/avr/4.3.3/avr5\libgcc.a(_clzsi2.o)
                0x000008b6                __clzsi2
 .text          0x00000954      0x1aa d:/embedded projects/nti/programes/sdk_win_64/sdk_win_64/winavr/bin/../lib/gcc/avr/4.3.3/avr5\libgcc.a(_pack_sf.o)
                0x00000954                __pack_f
 .text          0x00000afe       0xf0 d:/embedded projects/nti/programes/sdk_win_64/sdk_win_64/winavr/bin/../lib/gcc/avr/4.3.3/avr5\libgcc.a(_unpack_sf.o)
                0x00000afe                __unpack_f
 .text          0x00000bee       0xb2 d:/embedded projects/nti/programes/sdk_win_64/sdk_win_64/winavr/bin/../lib/gcc/avr/4.3.3/avr5\libgcc.a(_fpcmp_parts_sf.o)
                0x00000bee                __fpcmp_parts_f
 .text          0x00000ca0        0x0 d:/embedded projects/nti/programes/sdk_win_64/sdk_win_64/winavr/bin/../lib/gcc/avr/4.3.3/avr5\libgcc.a(_clz.o)
 .text          0x00000ca0        0x0 d:/embedded projects/nti/programes/sdk_win_64/sdk_win_64/winavr/bin/../lib/gcc/avr/4.3.3/../../../../avr/lib/avr5\libc.a(memcpy.o)
 .text          0x00000ca0        0x0 d:/embedded projects/nti/programes/sdk_win_64/sdk_win_64/winavr/bin/../lib/gcc/avr/4.3.3/../../../../avr/lib/avr5\libc.a(memset.o)
 .text          0x00000ca0        0x0 d:/embedded projects/nti/programes/sdk_win_64/sdk_win_64/winavr/bin/../lib/gcc/avr/4.3.3/../../../../avr/lib/avr5\libc.a(strncpy.o)
 .text          0x00000ca0        0x0 d:/embedded projects/nti/programes/sdk_win_64/sdk_win_64/winavr/bin/../lib/gcc/avr/4.3.3/../../../../avr/lib/avr5\libc.a(sprintf.o)
 .text          0x00000ca0        0x0 d:/embedded projects/nti/programes/sdk_win_64/sdk_win_64/winavr/bin/../lib/gcc/avr/4.3.3/../../../../avr/lib/avr5\libc.a(vfprintf_std.o)
 .text          0x00000ca0        0x0 d:/embedded projects/nti/programes/sdk_win_64/sdk_win_64/winavr/bin/../lib/gcc/avr/4.3.3/../../../../avr/lib/avr5\libc.a(strnlen_P.o)
 .text          0x00000ca0        0x0 d:/embedded projects/nti/programes/sdk_win_64/sdk_win_64/winavr/bin/../lib/gcc/avr/4.3.3/../../../../avr/lib/avr5\libc.a(strnlen.o)
 .text          0x00000ca0        0x0 d:/embedded projects/nti/programes/sdk_win_64/sdk_win_64/winavr/bin/../lib/gcc/avr/4.3.3/../../../../avr/lib/avr5\libc.a(fputc.o)
 .text          0x00000ca0        0x0 d:/embedded projects/nti/programes/sdk_win_64/sdk_win_64/winavr/bin/../lib/gcc/avr/4.3.3/../../../../avr/lib/avr5\libc.a(ultoa_invert.o)
                0x00000ca0                . = ALIGN (0x2)
 *(.text.*)
 .text.TIMER0_VidInit
                0x00000ca0       0x70 ./MCAL/TIMER/TIMER_Program.o
                0x00000ca0                TIMER0_VidInit
 .text.TIMER0_VidSetPreload
                0x00000d10       0x1c ./MCAL/TIMER/TIMER_Program.o
                0x00000d10                TIMER0_VidSetPreload
 .text.TIMER0_VidSetCTCValue
                0x00000d2c       0x1c ./MCAL/TIMER/TIMER_Program.o
                0x00000d2c                TIMER0_VidSetCTCValue
 .text.TIMER0_VidOVF_SetCallBack
                0x00000d48       0x24 ./MCAL/TIMER/TIMER_Program.o
                0x00000d48                TIMER0_VidOVF_SetCallBack
 .text.TIMER0_VidCTC_SetCallBack
                0x00000d6c       0x24 ./MCAL/TIMER/TIMER_Program.o
                0x00000d6c                TIMER0_VidCTC_SetCallBack
 .text.__vector_11
                0x00000d90       0x5a ./MCAL/TIMER/TIMER_Program.o
                0x00000d90                __vector_11
 .text.__vector_10
                0x00000dea       0x5a ./MCAL/TIMER/TIMER_Program.o
                0x00000dea                __vector_10
 .text.MGIE_VidEnable
                0x00000e44       0x1c ./MCAL/MGIE/MGIE_Program.o
                0x00000e44                MGIE_VidEnable
 .text.MGIE_VidDisable
                0x00000e60       0x1c ./MCAL/MGIE/MGIE_Program.o
                0x00000e60                MGIE_VidDisable
 .text.MEXTI0_VidInit
                0x00000e7c       0x38 ./MCAL/MEXTI/MEXTI_Program.o
                0x00000e7c                MEXTI0_VidInit
 .text.MEXTI1_VidInit
                0x00000eb4       0x38 ./MCAL/MEXTI/MEXTI_Program.o
                0x00000eb4                MEXTI1_VidInit
 .text.MEXTI2_VidInit
                0x00000eec       0x1c ./MCAL/MEXTI/MEXTI_Program.o
                0x00000eec                MEXTI2_VidInit
 .text.EXTI0_Set_CallBackFunction
                0x00000f08       0x24 ./MCAL/MEXTI/MEXTI_Program.o
                0x00000f08                EXTI0_Set_CallBackFunction
 .text.__vector_1
                0x00000f2c       0x5a ./MCAL/MEXTI/MEXTI_Program.o
                0x00000f2c                __vector_1
 .text.EXTI1_Set_CallBackFunction
                0x00000f86       0x24 ./MCAL/MEXTI/MEXTI_Program.o
                0x00000f86                EXTI1_Set_CallBackFunction
 .text.__vector_2
                0x00000faa       0x5a ./MCAL/MEXTI/MEXTI_Program.o
                0x00000faa                __vector_2
 .text.EXTI2_Set_CallBackFunction
                0x00001004       0x24 ./MCAL/MEXTI/MEXTI_Program.o
                0x00001004                EXTI2_Set_CallBackFunction
 .text.__vector_3
                0x00001028       0x5a ./MCAL/MEXTI/MEXTI_Program.o
                0x00001028                __vector_3
 .text.MEXTI_VidSenseControl
                0x00001082      0x196 ./MCAL/MEXTI/MEXTI_Program.o
                0x00001082                MEXTI_VidSenseControl
 .text.MDIO_Error_State_SetPinDirection
                0x00001218      0x206 ./MCAL/MDIO/MDIO_Program.o
                0x00001218                MDIO_Error_State_SetPinDirection
 .text.MDIO_Error_State_SetPortDirection
                0x0000141e       0xa0 ./MCAL/MDIO/MDIO_Program.o
                0x0000141e                MDIO_Error_State_SetPortDirection
 .text.MDIO_Error_State_SetPinValue
                0x000014be      0x206 ./MCAL/MDIO/MDIO_Program.o
                0x000014be                MDIO_Error_State_SetPinValue
 .text.MDIO_Error_State_SetPortValue
                0x000016c4       0x90 ./MCAL/MDIO/MDIO_Program.o
                0x000016c4                MDIO_Error_State_SetPortValue
 .text.MDIO_Error_State_GetPinValue
                0x00001754      0x130 ./MCAL/MDIO/MDIO_Program.o
                0x00001754                MDIO_Error_State_GetPinValue
 .text.MDIO_Error_State_SetNippleValue
                0x00001884      0x164 ./MCAL/MDIO/MDIO_Program.o
                0x00001884                MDIO_Error_State_SetNippleValue
 .text.MDIO_Error_State_TogglePinValue
                0x000019e8      0x108 ./MCAL/MDIO/MDIO_Program.o
                0x000019e8                MDIO_Error_State_TogglePinValue
 .text.MADC_VidInit
                0x00001af0       0x62 ./MCAL/MADC/MADC_Program.o
                0x00001af0                MADC_VidInit
 .text.MADC_VidADCInterruptEnable
                0x00001b52       0x1c ./MCAL/MADC/MADC_Program.o
                0x00001b52                MADC_VidADCInterruptEnable
 .text.MADC_u16ADC_StartConversion
                0x00001b6e       0x64 ./MCAL/MADC/MADC_Program.o
                0x00001b6e                MADC_u16ADC_StartConversion
 .text.MADC_u16ADC_StartConversion_With_Interrupt
                0x00001bd2       0x46 ./MCAL/MADC/MADC_Program.o
                0x00001bd2                MADC_u16ADC_StartConversion_With_Interrupt
 .text.MADC_u16ADCRead
                0x00001c18       0x16 ./MCAL/MADC/MADC_Program.o
                0x00001c18                MADC_u16ADCRead
 .text.MADC_VidSetCallBack
                0x00001c2e       0x24 ./MCAL/MADC/MADC_Program.o
                0x00001c2e                MADC_VidSetCallBack
 .text.__vector_16
                0x00001c52       0x5a ./MCAL/MADC/MADC_Program.o
                0x00001c52                __vector_16
 .text.LCD_SEND_A_COMMAND
                0x00001cac       0x40 ./HAL/LCD.o
                0x00001cac                LCD_SEND_A_COMMAND
 .text.LCD_KICK
                0x00001cec      0x138 ./HAL/LCD.o
                0x00001cec                LCD_KICK
 .text.LCD_CLEAR
                0x00001e24       0x14 ./HAL/LCD.o
                0x00001e24                LCD_CLEAR
 .text.LCD_INIT
                0x00001e38      0x22e ./HAL/LCD.o
                0x00001e38                LCD_INIT
 .text.LCD_SEND_A_CHAR
                0x00002066       0x32 ./HAL/LCD.o
                0x00002066                LCD_SEND_A_CHAR
 .text.LCD_CHECK_LCD_ISBUSY
                0x00002098       0x58 ./HAL/LCD.o
                0x00002098                LCD_CHECK_LCD_ISBUSY
 .text.LCD_GOTO_XY
                0x000020f0       0x34 ./HAL/LCD.o
                0x000020f0                LCD_GOTO_XY
 .text.LCD_SEND_A_STRING
                0x00002124       0x96 ./HAL/LCD.o
                0x00002124                LCD_SEND_A_STRING
 .text.LCD_SEND_INT
                0x000021ba       0x6a ./HAL/LCD.o
                0x000021ba                LCD_SEND_INT
 .text.LCD_SEND_INT4
                0x00002224       0x6a ./HAL/LCD.o
                0x00002224                LCD_SEND_INT4
 .text.LCD_SEND_REALNUM
                0x0000228e      0x16e ./HAL/LCD.o
                0x0000228e                LCD_SEND_REALNUM
 .text.LCD_ENABLE_CURSOR
                0x000023fc       0x14 ./HAL/LCD.o
                0x000023fc                LCD_ENABLE_CURSOR
 .text.LCD_DISABLE_CURSOR
                0x00002410       0x14 ./HAL/LCD.o
                0x00002410                LCD_DISABLE_CURSOR
 .text.LCD_SET_CURSOR
                0x00002424       0x3a ./HAL/LCD.o
                0x00002424                LCD_SET_CURSOR
 .text.xCoRoutineCreate
                0x0000245e      0x128 ./Free_RTOS/croutine.o
                0x0000245e                xCoRoutineCreate
 .text.vCoRoutineAddToDelayedList
                0x00002586       0xc2 ./Free_RTOS/croutine.o
                0x00002586                vCoRoutineAddToDelayedList
 .text.prvCheckPendingReadyList
                0x00002648       0x94 ./Free_RTOS/croutine.o
 .text.prvCheckDelayedList
                0x000026dc      0x15c ./Free_RTOS/croutine.o
 .text.vCoRoutineSchedule
                0x00002838       0xf4 ./Free_RTOS/croutine.o
                0x00002838                vCoRoutineSchedule
 .text.prvInitialiseCoRoutineLists
                0x0000292c       0x72 ./Free_RTOS/croutine.o
 .text.xCoRoutineRemoveFromEventList
                0x0000299e       0x70 ./Free_RTOS/croutine.o
                0x0000299e                xCoRoutineRemoveFromEventList
 .text.pvPortMalloc
                0x00002a0e       0x8c ./Free_RTOS/heap_1.o
                0x00002a0e                pvPortMalloc
 .text.vPortFree
                0x00002a9a       0x18 ./Free_RTOS/heap_1.o
                0x00002a9a                vPortFree
 .text.vPortInitialiseBlocks
                0x00002ab2       0x16 ./Free_RTOS/heap_1.o
                0x00002ab2                vPortInitialiseBlocks
 .text.xPortGetFreeHeapSize
                0x00002ac8       0x1e ./Free_RTOS/heap_1.o
                0x00002ac8                xPortGetFreeHeapSize
 .text.vListInitialise
                0x00002ae6       0x54 ./Free_RTOS/list.o
                0x00002ae6                vListInitialise
 .text.vListInitialiseItem
                0x00002b3a       0x20 ./Free_RTOS/list.o
                0x00002b3a                vListInitialiseItem
 .text.vListInsertEnd
                0x00002b5a       0x98 ./Free_RTOS/list.o
                0x00002b5a                vListInsertEnd
 .text.vListInsert
                0x00002bf2       0xd8 ./Free_RTOS/list.o
                0x00002bf2                vListInsert
 .text.vListRemove
                0x00002cca       0x92 ./Free_RTOS/list.o
                0x00002cca                vListRemove
 .text.pxPortInitialiseStack
                0x00002d5c      0x306 ./Free_RTOS/port.o
                0x00002d5c                pxPortInitialiseStack
 .text.xPortStartScheduler
                0x00003062       0x6a ./Free_RTOS/port.o
                0x00003062                xPortStartScheduler
 .text.vPortEndScheduler
                0x000030cc        0xe ./Free_RTOS/port.o
                0x000030cc                vPortEndScheduler
 .text.vPortYield
                0x000030da       0xb2 ./Free_RTOS/port.o
                0x000030da                vPortYield
 .text.vPortYieldFromTick
                0x0000318c       0xb6 ./Free_RTOS/port.o
                0x0000318c                vPortYieldFromTick
 .text.prvSetupTimerInterrupt
                0x00003242       0xb8 ./Free_RTOS/port.o
 .text.__vector_7
                0x000032fa        0x6 ./Free_RTOS/port.o
                0x000032fa                __vector_7
 .text.xQueueCreate
                0x00003300      0x152 ./Free_RTOS/queue.o
                0x00003300                xQueueCreate
 .text.xQueueCreateCountingSemaphore
                0x00003452       0x3e ./Free_RTOS/queue.o
                0x00003452                xQueueCreateCountingSemaphore
 .text.xQueueGenericSend
                0x00003490      0x13c ./Free_RTOS/queue.o
                0x00003490                xQueueGenericSend
 .text.xQueueGenericSendFromISR
                0x000035cc       0x9a ./Free_RTOS/queue.o
                0x000035cc                xQueueGenericSendFromISR
 .text.xQueueGenericReceive
                0x00003666      0x180 ./Free_RTOS/queue.o
                0x00003666                xQueueGenericReceive
 .text.xQueueReceiveFromISR
                0x000037e6       0x9e ./Free_RTOS/queue.o
                0x000037e6                xQueueReceiveFromISR
 .text.uxQueueMessagesWaiting
                0x00003884       0x30 ./Free_RTOS/queue.o
                0x00003884                uxQueueMessagesWaiting
 .text.uxQueueMessagesWaitingFromISR
                0x000038b4       0x26 ./Free_RTOS/queue.o
                0x000038b4                uxQueueMessagesWaitingFromISR
 .text.vQueueDelete
                0x000038da       0x2c ./Free_RTOS/queue.o
                0x000038da                vQueueDelete
 .text.prvCopyDataToQueue
                0x00003906      0x12a ./Free_RTOS/queue.o
 .text.prvCopyDataFromQueue
                0x00003a30       0x90 ./Free_RTOS/queue.o
 .text.prvUnlockQueue
                0x00003ac0       0xa8 ./Free_RTOS/queue.o
 .text.prvIsQueueEmpty
                0x00003b68       0x38 ./Free_RTOS/queue.o
 .text.xQueueIsQueueEmptyFromISR
                0x00003ba0       0x2e ./Free_RTOS/queue.o
                0x00003ba0                xQueueIsQueueEmptyFromISR
 .text.prvIsQueueFull
                0x00003bce       0x3e ./Free_RTOS/queue.o
 .text.xQueueIsQueueFullFromISR
                0x00003c0c       0x34 ./Free_RTOS/queue.o
                0x00003c0c                xQueueIsQueueFullFromISR
 .text.xTaskGenericCreate
                0x00003c40      0x1da ./Free_RTOS/tasks.o
                0x00003c40                xTaskGenericCreate
 .text.vTaskDelete
                0x00003e1a       0xc6 ./Free_RTOS/tasks.o
                0x00003e1a                vTaskDelete
 .text.vTaskDelayUntil
                0x00003ee0       0xe8 ./Free_RTOS/tasks.o
                0x00003ee0                vTaskDelayUntil
 .text.vTaskDelay
                0x00003fc8       0x6a ./Free_RTOS/tasks.o
                0x00003fc8                vTaskDelay
 .text.vTaskStartScheduler
                0x00004032       0x6e ./Free_RTOS/tasks.o
                0x00004032                vTaskStartScheduler
 .text.vTaskEndScheduler
                0x000040a0       0x18 ./Free_RTOS/tasks.o
                0x000040a0                vTaskEndScheduler
 .text.vTaskSuspendAll
                0x000040b8       0x18 ./Free_RTOS/tasks.o
                0x000040b8                vTaskSuspendAll
 .text.xTaskResumeAll
                0x000040d0      0x114 ./Free_RTOS/tasks.o
                0x000040d0                xTaskResumeAll
 .text.xTaskGetTickCount
                0x000041e4       0x2e ./Free_RTOS/tasks.o
                0x000041e4                xTaskGetTickCount
 .text.xTaskGetTickCountFromISR
                0x00004212       0x2a ./Free_RTOS/tasks.o
                0x00004212                xTaskGetTickCountFromISR
 .text.uxTaskGetNumberOfTasks
                0x0000423c       0x12 ./Free_RTOS/tasks.o
                0x0000423c                uxTaskGetNumberOfTasks
 .text.vTaskIncrementTick
                0x0000424e      0x1aa ./Free_RTOS/tasks.o
                0x0000424e                vTaskIncrementTick
 .text.vTaskSwitchContext
                0x000043f8       0xcc ./Free_RTOS/tasks.o
                0x000043f8                vTaskSwitchContext
 .text.vTaskPlaceOnEventList
                0x000044c4       0x6c ./Free_RTOS/tasks.o
                0x000044c4                vTaskPlaceOnEventList
 .text.xTaskRemoveFromEventList
                0x00004530       0xd0 ./Free_RTOS/tasks.o
                0x00004530                xTaskRemoveFromEventList
 .text.vTaskSetTimeOutState
                0x00004600       0x32 ./Free_RTOS/tasks.o
                0x00004600                vTaskSetTimeOutState
 .text.xTaskCheckForTimeOut
                0x00004632       0xba ./Free_RTOS/tasks.o
                0x00004632                xTaskCheckForTimeOut
 .text.vTaskMissedYield
                0x000046ec       0x14 ./Free_RTOS/tasks.o
                0x000046ec                vTaskMissedYield
 .text.prvIdleTask
                0x00004700       0x14 ./Free_RTOS/tasks.o
 .text.prvInitialiseTCBVariables
                0x00004714       0xae ./Free_RTOS/tasks.o
 .text.prvInitialiseTaskLists
                0x000047c2       0x7a ./Free_RTOS/tasks.o
 .text.prvCheckTasksWaitingTermination
                0x0000483c       0x7c ./Free_RTOS/tasks.o
 .text.prvAddCurrentTaskToDelayedList
                0x000048b8       0x92 ./Free_RTOS/tasks.o
 .text.prvAllocateTCBAndStack
                0x0000494a       0xa0 ./Free_RTOS/tasks.o
 .text.prvDeleteTCB
                0x000049ea       0x2c ./Free_RTOS/tasks.o
 .text.main     0x00004a16      0x17e ./main.o
                0x00004a16                main
 .text.LCD_UPDATE_SEC
                0x00004b94       0x22 ./main.o
                0x00004b94                LCD_UPDATE_SEC
 .text.LCD_UPDATE_MIN
                0x00004bb6       0x22 ./main.o
                0x00004bb6                LCD_UPDATE_MIN
 .text.LCD_UPDATE_HOUR
                0x00004bd8       0x22 ./main.o
                0x00004bd8                LCD_UPDATE_HOUR
 .text.LCD_UPDATE_MODE
                0x00004bfa       0x28 ./main.o
                0x00004bfa                LCD_UPDATE_MODE
 .text.LCD_UPDATE_DAY
                0x00004c22       0x22 ./main.o
                0x00004c22                LCD_UPDATE_DAY
 .text.LCD_UPDATE_MONTH
                0x00004c44       0x22 ./main.o
                0x00004c44                LCD_UPDATE_MONTH
 .text.LCD_UPDATE_YEAR
                0x00004c66       0x28 ./main.o
                0x00004c66                LCD_UPDATE_YEAR
 .text.LCD_UPATE_CLOCK
                0x00004c8e       0xb6 ./main.o
                0x00004c8e                LCD_UPATE_CLOCK
 .text.Task_vDisplaySensors
                0x00004d44      0x1be ./main.o
                0x00004d44                Task_vDisplaySensors
 .text.clock_EDITp
                0x00004f02      0x19c ./main.o
                0x00004f02                clock_EDITp
 .text.Task_vDisplaytime
                0x0000509e      0x1ac ./main.o
                0x0000509e                Task_vDisplaytime
 .text.SELECT   0x0000524a       0x2c ./main.o
                0x0000524a                SELECT
 .text.CLK_SENSOR_SELECT
                0x00005276       0x22 ./main.o
                0x00005276                CLK_SENSOR_SELECT
 .text.ClockEditMode
                0x00005298      0x17c ./main.o
                0x00005298                ClockEditMode
 .text.libgcc   0x00005414       0x3e d:/embedded projects/nti/programes/sdk_win_64/sdk_win_64/winavr/bin/../lib/gcc/avr/4.3.3/avr5\libgcc.a(_mulsi3.o)
                0x00005414                __mulsi3
 .text.libgcc   0x00005452       0x28 d:/embedded projects/nti/programes/sdk_win_64/sdk_win_64/winavr/bin/../lib/gcc/avr/4.3.3/avr5\libgcc.a(_udivmodhi4.o)
                0x00005452                __udivmodhi4
 .text.libgcc   0x0000547a        0x0 d:/embedded projects/nti/programes/sdk_win_64/sdk_win_64/winavr/bin/../lib/gcc/avr/4.3.3/avr5\libgcc.a(_exit.o)
 .text.libgcc   0x0000547a        0x0 d:/embedded projects/nti/programes/sdk_win_64/sdk_win_64/winavr/bin/../lib/gcc/avr/4.3.3/avr5\libgcc.a(_copy_data.o)
 .text.libgcc   0x0000547a        0x0 d:/embedded projects/nti/programes/sdk_win_64/sdk_win_64/winavr/bin/../lib/gcc/avr/4.3.3/avr5\libgcc.a(_clear_bss.o)
 .text.libgcc   0x0000547a       0x38 d:/embedded projects/nti/programes/sdk_win_64/sdk_win_64/winavr/bin/../lib/gcc/avr/4.3.3/avr5\libgcc.a(_prologue.o)
                0x0000547a                __prologue_saves__
 .text.libgcc   0x000054b2       0x36 d:/embedded projects/nti/programes/sdk_win_64/sdk_win_64/winavr/bin/../lib/gcc/avr/4.3.3/avr5\libgcc.a(_epilogue.o)
                0x000054b2                __epilogue_restores__
 .text.avr-libc
                0x000054e8       0x12 d:/embedded projects/nti/programes/sdk_win_64/sdk_win_64/winavr/bin/../lib/gcc/avr/4.3.3/../../../../avr/lib/avr5\libc.a(memcpy.o)
                0x000054e8                memcpy
 .text.avr-libc
                0x000054fa        0xe d:/embedded projects/nti/programes/sdk_win_64/sdk_win_64/winavr/bin/../lib/gcc/avr/4.3.3/../../../../avr/lib/avr5\libc.a(memset.o)
                0x000054fa                memset
 .text.avr-libc
                0x00005508       0x1e d:/embedded projects/nti/programes/sdk_win_64/sdk_win_64/winavr/bin/../lib/gcc/avr/4.3.3/../../../../avr/lib/avr5\libc.a(strncpy.o)
                0x00005508                strncpy
 .text.avr-libc
                0x00005526       0x48 d:/embedded projects/nti/programes/sdk_win_64/sdk_win_64/winavr/bin/../lib/gcc/avr/4.3.3/../../../../avr/lib/avr5\libc.a(sprintf.o)
                0x00005526                sprintf
 .text.avr-libc
                0x0000556e      0x3ba d:/embedded projects/nti/programes/sdk_win_64/sdk_win_64/winavr/bin/../lib/gcc/avr/4.3.3/../../../../avr/lib/avr5\libc.a(vfprintf_std.o)
                0x0000556e                vfprintf
 .text.avr-libc
                0x00005928       0x16 d:/embedded projects/nti/programes/sdk_win_64/sdk_win_64/winavr/bin/../lib/gcc/avr/4.3.3/../../../../avr/lib/avr5\libc.a(strnlen_P.o)
                0x00005928                strnlen_P
 .text.avr-libc
                0x0000593e       0x16 d:/embedded projects/nti/programes/sdk_win_64/sdk_win_64/winavr/bin/../lib/gcc/avr/4.3.3/../../../../avr/lib/avr5\libc.a(strnlen.o)
                0x0000593e                strnlen
 .text.avr-libc
                0x00005954       0x58 d:/embedded projects/nti/programes/sdk_win_64/sdk_win_64/winavr/bin/../lib/gcc/avr/4.3.3/../../../../avr/lib/avr5\libc.a(fputc.o)
                0x00005954                fputc
 .text.avr-libc
                0x000059ac       0xbc d:/embedded projects/nti/programes/sdk_win_64/sdk_win_64/winavr/bin/../lib/gcc/avr/4.3.3/../../../../avr/lib/avr5\libc.a(ultoa_invert.o)
                0x000059ac                __ultoa_invert
                0x00005a68                . = ALIGN (0x2)
 *(.fini9)
 .fini9         0x00005a68        0x0 d:/embedded projects/nti/programes/sdk_win_64/sdk_win_64/winavr/bin/../lib/gcc/avr/4.3.3/avr5\libgcc.a(_exit.o)
                0x00005a68                exit
                0x00005a68                _exit
 *(.fini9)
 *(.fini8)
 *(.fini8)
 *(.fini7)
 *(.fini7)
 *(.fini6)
 *(.fini6)
 *(.fini5)
 *(.fini5)
 *(.fini4)
 *(.fini4)
 *(.fini3)
 *(.fini3)
 *(.fini2)
 *(.fini2)
 *(.fini1)
 *(.fini1)
 *(.fini0)
 .fini0         0x00005a68        0x4 d:/embedded projects/nti/programes/sdk_win_64/sdk_win_64/winavr/bin/../lib/gcc/avr/4.3.3/avr5\libgcc.a(_exit.o)
 *(.fini0)
                0x00005a6c                _etext = .

.data           0x00800060      0x142 load address 0x00005a6c
                0x00800060                PROVIDE (__data_start, .)
 *(.data)
 .data          0x00800060        0x0 d:/embedded projects/nti/programes/sdk_win_64/sdk_win_64/winavr/bin/../lib/gcc/avr/4.3.3/../../../../avr/lib/avr5/crtm32.o
 .data          0x00800060        0x0 ./MCAL/TIMER/TIMER_Program.o
 .data          0x00800060        0x0 ./MCAL/MGIE/MGIE_Program.o
 .data          0x00800060        0x0 ./MCAL/MEXTI/MEXTI_Program.o
 .data          0x00800060        0x0 ./MCAL/MDIO/MDIO_Program.o
 .data          0x00800060        0x0 ./MCAL/MADC/MADC_Program.o
 .data          0x00800060       0x14 ./HAL/LCD.o
 .data          0x00800074        0x0 ./Free_RTOS/croutine.o
 .data          0x00800074        0x0 ./Free_RTOS/heap_1.o
 .data          0x00800074        0x0 ./Free_RTOS/list.o
 .data          0x00800074        0x0 ./Free_RTOS/port.o
 .data          0x00800074        0x0 ./Free_RTOS/queue.o
 .data          0x00800074        0x5 ./Free_RTOS/tasks.o
 .data          0x00800079        0x0 ./Free_RTOS/timers.o
 .data          0x00800079       0x18 ./main.o
 .data          0x00800091        0x0 d:/embedded projects/nti/programes/sdk_win_64/sdk_win_64/winavr/bin/../lib/gcc/avr/4.3.3/avr5\libgcc.a(_mulsi3.o)
 .data          0x00800091        0x0 d:/embedded projects/nti/programes/sdk_win_64/sdk_win_64/winavr/bin/../lib/gcc/avr/4.3.3/avr5\libgcc.a(_udivmodhi4.o)
 .data          0x00800091        0x0 d:/embedded projects/nti/programes/sdk_win_64/sdk_win_64/winavr/bin/../lib/gcc/avr/4.3.3/avr5\libgcc.a(_exit.o)
 .data          0x00800091        0x0 d:/embedded projects/nti/programes/sdk_win_64/sdk_win_64/winavr/bin/../lib/gcc/avr/4.3.3/avr5\libgcc.a(_copy_data.o)
 .data          0x00800091        0x0 d:/embedded projects/nti/programes/sdk_win_64/sdk_win_64/winavr/bin/../lib/gcc/avr/4.3.3/avr5\libgcc.a(_clear_bss.o)
 .data          0x00800091        0x0 d:/embedded projects/nti/programes/sdk_win_64/sdk_win_64/winavr/bin/../lib/gcc/avr/4.3.3/avr5\libgcc.a(_fixunssfsi.o)
 .data          0x00800091        0x0 d:/embedded projects/nti/programes/sdk_win_64/sdk_win_64/winavr/bin/../lib/gcc/avr/4.3.3/avr5\libgcc.a(_addsub_sf.o)
 .data          0x00800091        0x0 d:/embedded projects/nti/programes/sdk_win_64/sdk_win_64/winavr/bin/../lib/gcc/avr/4.3.3/avr5\libgcc.a(_mul_sf.o)
 .data          0x00800091        0x0 d:/embedded projects/nti/programes/sdk_win_64/sdk_win_64/winavr/bin/../lib/gcc/avr/4.3.3/avr5\libgcc.a(_gt_sf.o)
 .data          0x00800091        0x0 d:/embedded projects/nti/programes/sdk_win_64/sdk_win_64/winavr/bin/../lib/gcc/avr/4.3.3/avr5\libgcc.a(_ge_sf.o)
 .data          0x00800091        0x0 d:/embedded projects/nti/programes/sdk_win_64/sdk_win_64/winavr/bin/../lib/gcc/avr/4.3.3/avr5\libgcc.a(_lt_sf.o)
 .data          0x00800091        0x0 d:/embedded projects/nti/programes/sdk_win_64/sdk_win_64/winavr/bin/../lib/gcc/avr/4.3.3/avr5\libgcc.a(_si_to_sf.o)
 .data          0x00800091        0x0 d:/embedded projects/nti/programes/sdk_win_64/sdk_win_64/winavr/bin/../lib/gcc/avr/4.3.3/avr5\libgcc.a(_sf_to_si.o)
 .data          0x00800091        0x8 d:/embedded projects/nti/programes/sdk_win_64/sdk_win_64/winavr/bin/../lib/gcc/avr/4.3.3/avr5\libgcc.a(_thenan_sf.o)
                0x00800091                __thenan_sf
 .data          0x00800099        0x0 d:/embedded projects/nti/programes/sdk_win_64/sdk_win_64/winavr/bin/../lib/gcc/avr/4.3.3/avr5\libgcc.a(_prologue.o)
 .data          0x00800099        0x0 d:/embedded projects/nti/programes/sdk_win_64/sdk_win_64/winavr/bin/../lib/gcc/avr/4.3.3/avr5\libgcc.a(_epilogue.o)
 .data          0x00800099        0x0 d:/embedded projects/nti/programes/sdk_win_64/sdk_win_64/winavr/bin/../lib/gcc/avr/4.3.3/avr5\libgcc.a(_clzsi2.o)
 .data          0x00800099        0x0 d:/embedded projects/nti/programes/sdk_win_64/sdk_win_64/winavr/bin/../lib/gcc/avr/4.3.3/avr5\libgcc.a(_pack_sf.o)
 .data          0x00800099        0x0 d:/embedded projects/nti/programes/sdk_win_64/sdk_win_64/winavr/bin/../lib/gcc/avr/4.3.3/avr5\libgcc.a(_unpack_sf.o)
 .data          0x00800099        0x0 d:/embedded projects/nti/programes/sdk_win_64/sdk_win_64/winavr/bin/../lib/gcc/avr/4.3.3/avr5\libgcc.a(_fpcmp_parts_sf.o)
 .data          0x00800099      0x100 d:/embedded projects/nti/programes/sdk_win_64/sdk_win_64/winavr/bin/../lib/gcc/avr/4.3.3/avr5\libgcc.a(_clz.o)
                0x00800099                __clz_tab
 .data          0x00800199        0x0 d:/embedded projects/nti/programes/sdk_win_64/sdk_win_64/winavr/bin/../lib/gcc/avr/4.3.3/../../../../avr/lib/avr5\libc.a(memcpy.o)
 .data          0x00800199        0x0 d:/embedded projects/nti/programes/sdk_win_64/sdk_win_64/winavr/bin/../lib/gcc/avr/4.3.3/../../../../avr/lib/avr5\libc.a(memset.o)
 .data          0x00800199        0x0 d:/embedded projects/nti/programes/sdk_win_64/sdk_win_64/winavr/bin/../lib/gcc/avr/4.3.3/../../../../avr/lib/avr5\libc.a(strncpy.o)
 .data          0x00800199        0x0 d:/embedded projects/nti/programes/sdk_win_64/sdk_win_64/winavr/bin/../lib/gcc/avr/4.3.3/../../../../avr/lib/avr5\libc.a(sprintf.o)
 .data          0x00800199        0x0 d:/embedded projects/nti/programes/sdk_win_64/sdk_win_64/winavr/bin/../lib/gcc/avr/4.3.3/../../../../avr/lib/avr5\libc.a(vfprintf_std.o)
 .data          0x00800199        0x0 d:/embedded projects/nti/programes/sdk_win_64/sdk_win_64/winavr/bin/../lib/gcc/avr/4.3.3/../../../../avr/lib/avr5\libc.a(strnlen_P.o)
 .data          0x00800199        0x0 d:/embedded projects/nti/programes/sdk_win_64/sdk_win_64/winavr/bin/../lib/gcc/avr/4.3.3/../../../../avr/lib/avr5\libc.a(strnlen.o)
 .data          0x00800199        0x0 d:/embedded projects/nti/programes/sdk_win_64/sdk_win_64/winavr/bin/../lib/gcc/avr/4.3.3/../../../../avr/lib/avr5\libc.a(fputc.o)
 .data          0x00800199        0x0 d:/embedded projects/nti/programes/sdk_win_64/sdk_win_64/winavr/bin/../lib/gcc/avr/4.3.3/../../../../avr/lib/avr5\libc.a(ultoa_invert.o)
 *(.data*)
 .data.offsets.1715
                0x00800199        0x4 ./HAL/LCD.o
 .data.xNextTaskUnblockTime
                0x0080019d        0x2 ./Free_RTOS/tasks.o
 .data.P        0x0080019f        0x2 ./main.o
                0x0080019f                P
 *(.rodata)
 *(.rodata*)
 *(.gnu.linkonce.d*)
                0x008001a2                . = ALIGN (0x2)
 *fill*         0x008001a1        0x1 00
                0x008001a2                _edata = .
                0x008001a2                PROVIDE (__data_end, .)

.bss            0x008001a2      0x574
                0x008001a2                PROVIDE (__bss_start, .)
 *(.bss)
 .bss           0x008001a2        0x0 d:/embedded projects/nti/programes/sdk_win_64/sdk_win_64/winavr/bin/../lib/gcc/avr/4.3.3/../../../../avr/lib/avr5/crtm32.o
 .bss           0x008001a2        0x0 ./MCAL/TIMER/TIMER_Program.o
 .bss           0x008001a2        0x0 ./MCAL/MGIE/MGIE_Program.o
 .bss           0x008001a2        0x0 ./MCAL/MEXTI/MEXTI_Program.o
 .bss           0x008001a2        0x0 ./MCAL/MDIO/MDIO_Program.o
 .bss           0x008001a2        0x0 ./MCAL/MADC/MADC_Program.o
 .bss           0x008001a2        0x0 ./HAL/LCD.o
 .bss           0x008001a2        0x0 ./Free_RTOS/croutine.o
 .bss           0x008001a2        0x0 ./Free_RTOS/heap_1.o
 .bss           0x008001a2        0x0 ./Free_RTOS/list.o
 .bss           0x008001a2        0x0 ./Free_RTOS/port.o
 .bss           0x008001a2        0x0 ./Free_RTOS/queue.o
 .bss           0x008001a2        0x0 ./Free_RTOS/tasks.o
 .bss           0x008001a2        0x0 ./Free_RTOS/timers.o
 .bss           0x008001a2        0x0 ./main.o
 .bss           0x008001a2        0x0 d:/embedded projects/nti/programes/sdk_win_64/sdk_win_64/winavr/bin/../lib/gcc/avr/4.3.3/avr5\libgcc.a(_mulsi3.o)
 .bss           0x008001a2        0x0 d:/embedded projects/nti/programes/sdk_win_64/sdk_win_64/winavr/bin/../lib/gcc/avr/4.3.3/avr5\libgcc.a(_udivmodhi4.o)
 .bss           0x008001a2        0x0 d:/embedded projects/nti/programes/sdk_win_64/sdk_win_64/winavr/bin/../lib/gcc/avr/4.3.3/avr5\libgcc.a(_exit.o)
 .bss           0x008001a2        0x0 d:/embedded projects/nti/programes/sdk_win_64/sdk_win_64/winavr/bin/../lib/gcc/avr/4.3.3/avr5\libgcc.a(_copy_data.o)
 .bss           0x008001a2        0x0 d:/embedded projects/nti/programes/sdk_win_64/sdk_win_64/winavr/bin/../lib/gcc/avr/4.3.3/avr5\libgcc.a(_clear_bss.o)
 .bss           0x008001a2        0x0 d:/embedded projects/nti/programes/sdk_win_64/sdk_win_64/winavr/bin/../lib/gcc/avr/4.3.3/avr5\libgcc.a(_fixunssfsi.o)
 .bss           0x008001a2        0x0 d:/embedded projects/nti/programes/sdk_win_64/sdk_win_64/winavr/bin/../lib/gcc/avr/4.3.3/avr5\libgcc.a(_addsub_sf.o)
 .bss           0x008001a2        0x0 d:/embedded projects/nti/programes/sdk_win_64/sdk_win_64/winavr/bin/../lib/gcc/avr/4.3.3/avr5\libgcc.a(_mul_sf.o)
 .bss           0x008001a2        0x0 d:/embedded projects/nti/programes/sdk_win_64/sdk_win_64/winavr/bin/../lib/gcc/avr/4.3.3/avr5\libgcc.a(_gt_sf.o)
 .bss           0x008001a2        0x0 d:/embedded projects/nti/programes/sdk_win_64/sdk_win_64/winavr/bin/../lib/gcc/avr/4.3.3/avr5\libgcc.a(_ge_sf.o)
 .bss           0x008001a2        0x0 d:/embedded projects/nti/programes/sdk_win_64/sdk_win_64/winavr/bin/../lib/gcc/avr/4.3.3/avr5\libgcc.a(_lt_sf.o)
 .bss           0x008001a2        0x0 d:/embedded projects/nti/programes/sdk_win_64/sdk_win_64/winavr/bin/../lib/gcc/avr/4.3.3/avr5\libgcc.a(_si_to_sf.o)
 .bss           0x008001a2        0x0 d:/embedded projects/nti/programes/sdk_win_64/sdk_win_64/winavr/bin/../lib/gcc/avr/4.3.3/avr5\libgcc.a(_sf_to_si.o)
 .bss           0x008001a2        0x0 d:/embedded projects/nti/programes/sdk_win_64/sdk_win_64/winavr/bin/../lib/gcc/avr/4.3.3/avr5\libgcc.a(_thenan_sf.o)
 .bss           0x008001a2        0x0 d:/embedded projects/nti/programes/sdk_win_64/sdk_win_64/winavr/bin/../lib/gcc/avr/4.3.3/avr5\libgcc.a(_prologue.o)
 .bss           0x008001a2        0x0 d:/embedded projects/nti/programes/sdk_win_64/sdk_win_64/winavr/bin/../lib/gcc/avr/4.3.3/avr5\libgcc.a(_epilogue.o)
 .bss           0x008001a2        0x0 d:/embedded projects/nti/programes/sdk_win_64/sdk_win_64/winavr/bin/../lib/gcc/avr/4.3.3/avr5\libgcc.a(_clzsi2.o)
 .bss           0x008001a2        0x0 d:/embedded projects/nti/programes/sdk_win_64/sdk_win_64/winavr/bin/../lib/gcc/avr/4.3.3/avr5\libgcc.a(_pack_sf.o)
 .bss           0x008001a2        0x0 d:/embedded projects/nti/programes/sdk_win_64/sdk_win_64/winavr/bin/../lib/gcc/avr/4.3.3/avr5\libgcc.a(_unpack_sf.o)
 .bss           0x008001a2        0x0 d:/embedded projects/nti/programes/sdk_win_64/sdk_win_64/winavr/bin/../lib/gcc/avr/4.3.3/avr5\libgcc.a(_fpcmp_parts_sf.o)
 .bss           0x008001a2        0x0 d:/embedded projects/nti/programes/sdk_win_64/sdk_win_64/winavr/bin/../lib/gcc/avr/4.3.3/avr5\libgcc.a(_clz.o)
 .bss           0x008001a2        0x0 d:/embedded projects/nti/programes/sdk_win_64/sdk_win_64/winavr/bin/../lib/gcc/avr/4.3.3/../../../../avr/lib/avr5\libc.a(memcpy.o)
 .bss           0x008001a2        0x0 d:/embedded projects/nti/programes/sdk_win_64/sdk_win_64/winavr/bin/../lib/gcc/avr/4.3.3/../../../../avr/lib/avr5\libc.a(memset.o)
 .bss           0x008001a2        0x0 d:/embedded projects/nti/programes/sdk_win_64/sdk_win_64/winavr/bin/../lib/gcc/avr/4.3.3/../../../../avr/lib/avr5\libc.a(strncpy.o)
 .bss           0x008001a2        0x0 d:/embedded projects/nti/programes/sdk_win_64/sdk_win_64/winavr/bin/../lib/gcc/avr/4.3.3/../../../../avr/lib/avr5\libc.a(sprintf.o)
 .bss           0x008001a2        0x0 d:/embedded projects/nti/programes/sdk_win_64/sdk_win_64/winavr/bin/../lib/gcc/avr/4.3.3/../../../../avr/lib/avr5\libc.a(vfprintf_std.o)
 .bss           0x008001a2        0x0 d:/embedded projects/nti/programes/sdk_win_64/sdk_win_64/winavr/bin/../lib/gcc/avr/4.3.3/../../../../avr/lib/avr5\libc.a(strnlen_P.o)
 .bss           0x008001a2        0x0 d:/embedded projects/nti/programes/sdk_win_64/sdk_win_64/winavr/bin/../lib/gcc/avr/4.3.3/../../../../avr/lib/avr5\libc.a(strnlen.o)
 .bss           0x008001a2        0x0 d:/embedded projects/nti/programes/sdk_win_64/sdk_win_64/winavr/bin/../lib/gcc/avr/4.3.3/../../../../avr/lib/avr5\libc.a(fputc.o)
 .bss           0x008001a2        0x0 d:/embedded projects/nti/programes/sdk_win_64/sdk_win_64/winavr/bin/../lib/gcc/avr/4.3.3/../../../../avr/lib/avr5\libc.a(ultoa_invert.o)
 *(.bss*)
 .bss.pxCurrentCoRoutine
                0x008001a2        0x2 ./Free_RTOS/croutine.o
                0x008001a2                pxCurrentCoRoutine
 .bss.uxTopCoRoutineReadyPriority
                0x008001a4        0x1 ./Free_RTOS/croutine.o
 .bss.xCoRoutineTickCount
                0x008001a5        0x2 ./Free_RTOS/croutine.o
 .bss.xLastTickCount
                0x008001a7        0x2 ./Free_RTOS/croutine.o
 .bss.xPassedTicks
                0x008001a9        0x2 ./Free_RTOS/croutine.o
 .bss.pxReadyCoRoutineLists
                0x008001ab       0x12 ./Free_RTOS/croutine.o
 .bss.xDelayedCoRoutineList1
                0x008001bd        0x9 ./Free_RTOS/croutine.o
 .bss.xDelayedCoRoutineList2
                0x008001c6        0x9 ./Free_RTOS/croutine.o
 .bss.pxDelayedCoRoutineList
                0x008001cf        0x2 ./Free_RTOS/croutine.o
 .bss.pxOverflowDelayedCoRoutineList
                0x008001d1        0x2 ./Free_RTOS/croutine.o
 .bss.xPendingReadyCoRoutineList
                0x008001d3        0x9 ./Free_RTOS/croutine.o
 .bss.xNextFreeByte
                0x008001dc        0x2 ./Free_RTOS/heap_1.o
 .bss.xHeap     0x008001de      0x4b0 ./Free_RTOS/heap_1.o
 .bss.pxCurrentTCB
                0x0080068e        0x2 ./Free_RTOS/tasks.o
                0x0080068e                pxCurrentTCB
 .bss.uxTasksDeleted
                0x00800690        0x1 ./Free_RTOS/tasks.o
 .bss.uxCurrentNumberOfTasks
                0x00800691        0x1 ./Free_RTOS/tasks.o
 .bss.xTickCount
                0x00800692        0x2 ./Free_RTOS/tasks.o
 .bss.uxTopUsedPriority
                0x00800694        0x1 ./Free_RTOS/tasks.o
 .bss.uxTopReadyPriority
                0x00800695        0x1 ./Free_RTOS/tasks.o
 .bss.xSchedulerRunning
                0x00800696        0x1 ./Free_RTOS/tasks.o
 .bss.uxSchedulerSuspended
                0x00800697        0x1 ./Free_RTOS/tasks.o
 .bss.uxMissedTicks
                0x00800698        0x1 ./Free_RTOS/tasks.o
 .bss.xMissedYield
                0x00800699        0x1 ./Free_RTOS/tasks.o
 .bss.xNumOfOverflows
                0x0080069a        0x1 ./Free_RTOS/tasks.o
 .bss.uxTaskNumber
                0x0080069b        0x1 ./Free_RTOS/tasks.o
 .bss.pxReadyTasksLists
                0x0080069c       0x36 ./Free_RTOS/tasks.o
 .bss.xDelayedTaskList1
                0x008006d2        0x9 ./Free_RTOS/tasks.o
 .bss.xDelayedTaskList2
                0x008006db        0x9 ./Free_RTOS/tasks.o
 .bss.pxDelayedTaskList
                0x008006e4        0x2 ./Free_RTOS/tasks.o
 .bss.pxOverflowDelayedTaskList
                0x008006e6        0x2 ./Free_RTOS/tasks.o
 .bss.xPendingReadyList
                0x008006e8        0x9 ./Free_RTOS/tasks.o
 .bss.xTasksWaitingTermination
                0x008006f1        0x9 ./Free_RTOS/tasks.o
 .bss.EDIT_flag
                0x008006fa        0x1 ./main.o
                0x008006fa                EDIT_flag
 .bss.Global_MOOD
                0x008006fb        0x1 ./main.o
                0x008006fb                Global_MOOD
 .bss.u8_Time.1973
                0x008006fc        0x2 ./main.o
 .bss.FirstTimeFlag.1972
                0x008006fe        0x1 ./main.o
 .bss.Ticks.1971
                0x008006ff        0x1 ./main.o
 *(COMMON)
 COMMON         0x00800700        0x2 ./MCAL/TIMER/TIMER_Program.o
                0x00800700                TIMER0_CallBack
 COMMON         0x00800702        0x6 ./MCAL/MEXTI/MEXTI_Program.o
                0x00800702                CallBackFunction0
                0x00800704                CallBackFunction2
                0x00800706                CallBackFunction1
 COMMON         0x00800708        0x2 ./MCAL/MADC/MADC_Program.o
                0x00800708                MADC_CallBack
 COMMON         0x0080070a        0xc ./main.o
                0x0080070a                CLOCK
                0x00800716                PROVIDE (__bss_end, .)
                0x00005a6c                __data_load_start = LOADADDR (.data)
                0x00005bae                __data_load_end = (__data_load_start + SIZEOF (.data))

.noinit         0x00800716        0x0
                0x00800716                PROVIDE (__noinit_start, .)
 *(.noinit*)
                0x00800716                PROVIDE (__noinit_end, .)
                0x00800716                _end = .
                0x00800716                PROVIDE (__heap_start, .)

.eeprom         0x00810000        0x0
 *(.eeprom*)
                0x00810000                __eeprom_end = .

.fuse
 *(.fuse)
 *(.lfuse)
 *(.hfuse)
 *(.efuse)

.lock
 *(.lock*)

.signature
 *(.signature*)

.stab           0x00000000     0x71e8
 *(.stab)
 .stab          0x00000000      0x360 ./MCAL/TIMER/TIMER_Program.o
 .stab          0x00000360      0x1e0 ./MCAL/MGIE/MGIE_Program.o
                                0x1ec (size before relaxing)
 .stab          0x00000540      0x540 ./MCAL/MEXTI/MEXTI_Program.o
                                0x54c (size before relaxing)
 .stab          0x00000a80      0x948 ./MCAL/MDIO/MDIO_Program.o
                                0x954 (size before relaxing)
 .stab          0x000013c8      0x39c ./MCAL/MADC/MADC_Program.o
                                0x3a8 (size before relaxing)
 .stab          0x00001764      0xc24 ./HAL/LCD.o
                                0xc30 (size before relaxing)
 .stab          0x00002388      0x984 ./Free_RTOS/croutine.o
                                0xb40 (size before relaxing)
 .stab          0x00002d0c      0x300 ./Free_RTOS/heap_1.o
                                0x624 (size before relaxing)
 .stab          0x0000300c      0x474 ./Free_RTOS/list.o
                                0x750 (size before relaxing)
 .stab          0x00003480      0x840 ./Free_RTOS/port.o
                                0xb70 (size before relaxing)
 .stab          0x00003cc0      0xf24 ./Free_RTOS/queue.o
                               0x1260 (size before relaxing)
 .stab          0x00004be4     0x153c ./Free_RTOS/tasks.o
                               0x17d0 (size before relaxing)
 .stab          0x00006120      0x1c8 ./Free_RTOS/timers.o
                                0x4c8 (size before relaxing)
 .stab          0x000062e8      0xf00 ./main.o
                               0x1254 (size before relaxing)

.stabstr        0x00000000     0x3e76
 *(.stabstr)
 .stabstr       0x00000000     0x3e76 ./MCAL/TIMER/TIMER_Program.o

.stab.excl
 *(.stab.excl)

.stab.exclstr
 *(.stab.exclstr)

.stab.index
 *(.stab.index)

.stab.indexstr
 *(.stab.indexstr)

.comment
 *(.comment)

.debug
 *(.debug)

.line
 *(.line)

.debug_srcinfo
 *(.debug_srcinfo)

.debug_sfnames
 *(.debug_sfnames)

.debug_aranges  0x00000000      0x180
 *(.debug_aranges)
 .debug_aranges
                0x00000000       0x20 d:/embedded projects/nti/programes/sdk_win_64/sdk_win_64/winavr/bin/../lib/gcc/avr/4.3.3/avr5\libgcc.a(_fixunssfsi.o)
 .debug_aranges
                0x00000020       0x20 d:/embedded projects/nti/programes/sdk_win_64/sdk_win_64/winavr/bin/../lib/gcc/avr/4.3.3/avr5\libgcc.a(_addsub_sf.o)
 .debug_aranges
                0x00000040       0x20 d:/embedded projects/nti/programes/sdk_win_64/sdk_win_64/winavr/bin/../lib/gcc/avr/4.3.3/avr5\libgcc.a(_mul_sf.o)
 .debug_aranges
                0x00000060       0x20 d:/embedded projects/nti/programes/sdk_win_64/sdk_win_64/winavr/bin/../lib/gcc/avr/4.3.3/avr5\libgcc.a(_gt_sf.o)
 .debug_aranges
                0x00000080       0x20 d:/embedded projects/nti/programes/sdk_win_64/sdk_win_64/winavr/bin/../lib/gcc/avr/4.3.3/avr5\libgcc.a(_ge_sf.o)
 .debug_aranges
                0x000000a0       0x20 d:/embedded projects/nti/programes/sdk_win_64/sdk_win_64/winavr/bin/../lib/gcc/avr/4.3.3/avr5\libgcc.a(_lt_sf.o)
 .debug_aranges
                0x000000c0       0x20 d:/embedded projects/nti/programes/sdk_win_64/sdk_win_64/winavr/bin/../lib/gcc/avr/4.3.3/avr5\libgcc.a(_si_to_sf.o)
 .debug_aranges
                0x000000e0       0x20 d:/embedded projects/nti/programes/sdk_win_64/sdk_win_64/winavr/bin/../lib/gcc/avr/4.3.3/avr5\libgcc.a(_sf_to_si.o)
 .debug_aranges
                0x00000100       0x20 d:/embedded projects/nti/programes/sdk_win_64/sdk_win_64/winavr/bin/../lib/gcc/avr/4.3.3/avr5\libgcc.a(_clzsi2.o)
 .debug_aranges
                0x00000120       0x20 d:/embedded projects/nti/programes/sdk_win_64/sdk_win_64/winavr/bin/../lib/gcc/avr/4.3.3/avr5\libgcc.a(_pack_sf.o)
 .debug_aranges
                0x00000140       0x20 d:/embedded projects/nti/programes/sdk_win_64/sdk_win_64/winavr/bin/../lib/gcc/avr/4.3.3/avr5\libgcc.a(_unpack_sf.o)
 .debug_aranges
                0x00000160       0x20 d:/embedded projects/nti/programes/sdk_win_64/sdk_win_64/winavr/bin/../lib/gcc/avr/4.3.3/avr5\libgcc.a(_fpcmp_parts_sf.o)

.debug_pubnames
                0x00000000      0x1d1
 *(.debug_pubnames)
 .debug_pubnames
                0x00000000       0x23 d:/embedded projects/nti/programes/sdk_win_64/sdk_win_64/winavr/bin/../lib/gcc/avr/4.3.3/avr5\libgcc.a(_fixunssfsi.o)
 .debug_pubnames
                0x00000023       0x2c d:/embedded projects/nti/programes/sdk_win_64/sdk_win_64/winavr/bin/../lib/gcc/avr/4.3.3/avr5\libgcc.a(_addsub_sf.o)
 .debug_pubnames
                0x0000004f       0x1f d:/embedded projects/nti/programes/sdk_win_64/sdk_win_64/winavr/bin/../lib/gcc/avr/4.3.3/avr5\libgcc.a(_mul_sf.o)
 .debug_pubnames
                0x0000006e       0x1e d:/embedded projects/nti/programes/sdk_win_64/sdk_win_64/winavr/bin/../lib/gcc/avr/4.3.3/avr5\libgcc.a(_gt_sf.o)
 .debug_pubnames
                0x0000008c       0x1e d:/embedded projects/nti/programes/sdk_win_64/sdk_win_64/winavr/bin/../lib/gcc/avr/4.3.3/avr5\libgcc.a(_ge_sf.o)
 .debug_pubnames
                0x000000aa       0x1e d:/embedded projects/nti/programes/sdk_win_64/sdk_win_64/winavr/bin/../lib/gcc/avr/4.3.3/avr5\libgcc.a(_lt_sf.o)
 .debug_pubnames
                0x000000c8       0x22 d:/embedded projects/nti/programes/sdk_win_64/sdk_win_64/winavr/bin/../lib/gcc/avr/4.3.3/avr5\libgcc.a(_si_to_sf.o)
 .debug_pubnames
                0x000000ea       0x20 d:/embedded projects/nti/programes/sdk_win_64/sdk_win_64/winavr/bin/../lib/gcc/avr/4.3.3/avr5\libgcc.a(_sf_to_si.o)
 .debug_pubnames
                0x0000010a       0x22 d:/embedded projects/nti/programes/sdk_win_64/sdk_win_64/winavr/bin/../lib/gcc/avr/4.3.3/avr5\libgcc.a(_thenan_sf.o)
 .debug_pubnames
                0x0000012c       0x1f d:/embedded projects/nti/programes/sdk_win_64/sdk_win_64/winavr/bin/../lib/gcc/avr/4.3.3/avr5\libgcc.a(_clzsi2.o)
 .debug_pubnames
                0x0000014b       0x1f d:/embedded projects/nti/programes/sdk_win_64/sdk_win_64/winavr/bin/../lib/gcc/avr/4.3.3/avr5\libgcc.a(_pack_sf.o)
 .debug_pubnames
                0x0000016a       0x21 d:/embedded projects/nti/programes/sdk_win_64/sdk_win_64/winavr/bin/../lib/gcc/avr/4.3.3/avr5\libgcc.a(_unpack_sf.o)
 .debug_pubnames
                0x0000018b       0x26 d:/embedded projects/nti/programes/sdk_win_64/sdk_win_64/winavr/bin/../lib/gcc/avr/4.3.3/avr5\libgcc.a(_fpcmp_parts_sf.o)
 .debug_pubnames
                0x000001b1       0x20 d:/embedded projects/nti/programes/sdk_win_64/sdk_win_64/winavr/bin/../lib/gcc/avr/4.3.3/avr5\libgcc.a(_clz.o)

.debug_info     0x00000000     0x2010
 *(.debug_info)
 .debug_info    0x00000000       0xb1 d:/embedded projects/nti/programes/sdk_win_64/sdk_win_64/winavr/bin/../lib/gcc/avr/4.3.3/avr5\libgcc.a(_fixunssfsi.o)
 .debug_info    0x000000b1      0x47a d:/embedded projects/nti/programes/sdk_win_64/sdk_win_64/winavr/bin/../lib/gcc/avr/4.3.3/avr5\libgcc.a(_addsub_sf.o)
 .debug_info    0x0000052b      0x485 d:/embedded projects/nti/programes/sdk_win_64/sdk_win_64/winavr/bin/../lib/gcc/avr/4.3.3/avr5\libgcc.a(_mul_sf.o)
 .debug_info    0x000009b0      0x27f d:/embedded projects/nti/programes/sdk_win_64/sdk_win_64/winavr/bin/../lib/gcc/avr/4.3.3/avr5\libgcc.a(_gt_sf.o)
 .debug_info    0x00000c2f      0x27f d:/embedded projects/nti/programes/sdk_win_64/sdk_win_64/winavr/bin/../lib/gcc/avr/4.3.3/avr5\libgcc.a(_ge_sf.o)
 .debug_info    0x00000eae      0x27f d:/embedded projects/nti/programes/sdk_win_64/sdk_win_64/winavr/bin/../lib/gcc/avr/4.3.3/avr5\libgcc.a(_lt_sf.o)
 .debug_info    0x0000112d      0x207 d:/embedded projects/nti/programes/sdk_win_64/sdk_win_64/winavr/bin/../lib/gcc/avr/4.3.3/avr5\libgcc.a(_si_to_sf.o)
 .debug_info    0x00001334      0x2b0 d:/embedded projects/nti/programes/sdk_win_64/sdk_win_64/winavr/bin/../lib/gcc/avr/4.3.3/avr5\libgcc.a(_sf_to_si.o)
 .debug_info    0x000015e4      0x12c d:/embedded projects/nti/programes/sdk_win_64/sdk_win_64/winavr/bin/../lib/gcc/avr/4.3.3/avr5\libgcc.a(_thenan_sf.o)
 .debug_info    0x00001710      0x117 d:/embedded projects/nti/programes/sdk_win_64/sdk_win_64/winavr/bin/../lib/gcc/avr/4.3.3/avr5\libgcc.a(_clzsi2.o)
 .debug_info    0x00001827      0x2df d:/embedded projects/nti/programes/sdk_win_64/sdk_win_64/winavr/bin/../lib/gcc/avr/4.3.3/avr5\libgcc.a(_pack_sf.o)
 .debug_info    0x00001b06      0x251 d:/embedded projects/nti/programes/sdk_win_64/sdk_win_64/winavr/bin/../lib/gcc/avr/4.3.3/avr5\libgcc.a(_unpack_sf.o)
 .debug_info    0x00001d57      0x210 d:/embedded projects/nti/programes/sdk_win_64/sdk_win_64/winavr/bin/../lib/gcc/avr/4.3.3/avr5\libgcc.a(_fpcmp_parts_sf.o)
 .debug_info    0x00001f67       0xa9 d:/embedded projects/nti/programes/sdk_win_64/sdk_win_64/winavr/bin/../lib/gcc/avr/4.3.3/avr5\libgcc.a(_clz.o)
 *(.gnu.linkonce.wi.*)

.debug_abbrev   0x00000000     0x1161
 *(.debug_abbrev)
 .debug_abbrev  0x00000000       0x5d d:/embedded projects/nti/programes/sdk_win_64/sdk_win_64/winavr/bin/../lib/gcc/avr/4.3.3/avr5\libgcc.a(_fixunssfsi.o)
 .debug_abbrev  0x0000005d      0x1ea d:/embedded projects/nti/programes/sdk_win_64/sdk_win_64/winavr/bin/../lib/gcc/avr/4.3.3/avr5\libgcc.a(_addsub_sf.o)
 .debug_abbrev  0x00000247      0x21b d:/embedded projects/nti/programes/sdk_win_64/sdk_win_64/winavr/bin/../lib/gcc/avr/4.3.3/avr5\libgcc.a(_mul_sf.o)
 .debug_abbrev  0x00000462      0x15a d:/embedded projects/nti/programes/sdk_win_64/sdk_win_64/winavr/bin/../lib/gcc/avr/4.3.3/avr5\libgcc.a(_gt_sf.o)
 .debug_abbrev  0x000005bc      0x15a d:/embedded projects/nti/programes/sdk_win_64/sdk_win_64/winavr/bin/../lib/gcc/avr/4.3.3/avr5\libgcc.a(_ge_sf.o)
 .debug_abbrev  0x00000716      0x15a d:/embedded projects/nti/programes/sdk_win_64/sdk_win_64/winavr/bin/../lib/gcc/avr/4.3.3/avr5\libgcc.a(_lt_sf.o)
 .debug_abbrev  0x00000870      0x148 d:/embedded projects/nti/programes/sdk_win_64/sdk_win_64/winavr/bin/../lib/gcc/avr/4.3.3/avr5\libgcc.a(_si_to_sf.o)
 .debug_abbrev  0x000009b8      0x17f d:/embedded projects/nti/programes/sdk_win_64/sdk_win_64/winavr/bin/../lib/gcc/avr/4.3.3/avr5\libgcc.a(_sf_to_si.o)
 .debug_abbrev  0x00000b37       0xad d:/embedded projects/nti/programes/sdk_win_64/sdk_win_64/winavr/bin/../lib/gcc/avr/4.3.3/avr5\libgcc.a(_thenan_sf.o)
 .debug_abbrev  0x00000be4       0xc4 d:/embedded projects/nti/programes/sdk_win_64/sdk_win_64/winavr/bin/../lib/gcc/avr/4.3.3/avr5\libgcc.a(_clzsi2.o)
 .debug_abbrev  0x00000ca8      0x1c0 d:/embedded projects/nti/programes/sdk_win_64/sdk_win_64/winavr/bin/../lib/gcc/avr/4.3.3/avr5\libgcc.a(_pack_sf.o)
 .debug_abbrev  0x00000e68      0x154 d:/embedded projects/nti/programes/sdk_win_64/sdk_win_64/winavr/bin/../lib/gcc/avr/4.3.3/avr5\libgcc.a(_unpack_sf.o)
 .debug_abbrev  0x00000fbc      0x13b d:/embedded projects/nti/programes/sdk_win_64/sdk_win_64/winavr/bin/../lib/gcc/avr/4.3.3/avr5\libgcc.a(_fpcmp_parts_sf.o)
 .debug_abbrev  0x000010f7       0x6a d:/embedded projects/nti/programes/sdk_win_64/sdk_win_64/winavr/bin/../lib/gcc/avr/4.3.3/avr5\libgcc.a(_clz.o)

.debug_line     0x00000000     0x1003
 *(.debug_line)
 .debug_line    0x00000000       0xa7 d:/embedded projects/nti/programes/sdk_win_64/sdk_win_64/winavr/bin/../lib/gcc/avr/4.3.3/avr5\libgcc.a(_fixunssfsi.o)
 .debug_line    0x000000a7      0x2af d:/embedded projects/nti/programes/sdk_win_64/sdk_win_64/winavr/bin/../lib/gcc/avr/4.3.3/avr5\libgcc.a(_addsub_sf.o)
 .debug_line    0x00000356      0x239 d:/embedded projects/nti/programes/sdk_win_64/sdk_win_64/winavr/bin/../lib/gcc/avr/4.3.3/avr5\libgcc.a(_mul_sf.o)
 .debug_line    0x0000058f       0xd3 d:/embedded projects/nti/programes/sdk_win_64/sdk_win_64/winavr/bin/../lib/gcc/avr/4.3.3/avr5\libgcc.a(_gt_sf.o)
 .debug_line    0x00000662       0xd3 d:/embedded projects/nti/programes/sdk_win_64/sdk_win_64/winavr/bin/../lib/gcc/avr/4.3.3/avr5\libgcc.a(_ge_sf.o)
 .debug_line    0x00000735       0xd3 d:/embedded projects/nti/programes/sdk_win_64/sdk_win_64/winavr/bin/../lib/gcc/avr/4.3.3/avr5\libgcc.a(_lt_sf.o)
 .debug_line    0x00000808      0x135 d:/embedded projects/nti/programes/sdk_win_64/sdk_win_64/winavr/bin/../lib/gcc/avr/4.3.3/avr5\libgcc.a(_si_to_sf.o)
 .debug_line    0x0000093d      0x109 d:/embedded projects/nti/programes/sdk_win_64/sdk_win_64/winavr/bin/../lib/gcc/avr/4.3.3/avr5\libgcc.a(_sf_to_si.o)
 .debug_line    0x00000a46       0x90 d:/embedded projects/nti/programes/sdk_win_64/sdk_win_64/winavr/bin/../lib/gcc/avr/4.3.3/avr5\libgcc.a(_thenan_sf.o)
 .debug_line    0x00000ad6       0xa5 d:/embedded projects/nti/programes/sdk_win_64/sdk_win_64/winavr/bin/../lib/gcc/avr/4.3.3/avr5\libgcc.a(_clzsi2.o)
 .debug_line    0x00000b7b      0x18a d:/embedded projects/nti/programes/sdk_win_64/sdk_win_64/winavr/bin/../lib/gcc/avr/4.3.3/avr5\libgcc.a(_pack_sf.o)
 .debug_line    0x00000d05      0x14b d:/embedded projects/nti/programes/sdk_win_64/sdk_win_64/winavr/bin/../lib/gcc/avr/4.3.3/avr5\libgcc.a(_unpack_sf.o)
 .debug_line    0x00000e50      0x137 d:/embedded projects/nti/programes/sdk_win_64/sdk_win_64/winavr/bin/../lib/gcc/avr/4.3.3/avr5\libgcc.a(_fpcmp_parts_sf.o)
 .debug_line    0x00000f87       0x7c d:/embedded projects/nti/programes/sdk_win_64/sdk_win_64/winavr/bin/../lib/gcc/avr/4.3.3/avr5\libgcc.a(_clz.o)

.debug_frame    0x00000000      0x1a0
 *(.debug_frame)
 .debug_frame   0x00000000       0x20 d:/embedded projects/nti/programes/sdk_win_64/sdk_win_64/winavr/bin/../lib/gcc/avr/4.3.3/avr5\libgcc.a(_fixunssfsi.o)
 .debug_frame   0x00000020       0x40 d:/embedded projects/nti/programes/sdk_win_64/sdk_win_64/winavr/bin/../lib/gcc/avr/4.3.3/avr5\libgcc.a(_addsub_sf.o)
 .debug_frame   0x00000060       0x20 d:/embedded projects/nti/programes/sdk_win_64/sdk_win_64/winavr/bin/../lib/gcc/avr/4.3.3/avr5\libgcc.a(_mul_sf.o)
 .debug_frame   0x00000080       0x20 d:/embedded projects/nti/programes/sdk_win_64/sdk_win_64/winavr/bin/../lib/gcc/avr/4.3.3/avr5\libgcc.a(_gt_sf.o)
 .debug_frame   0x000000a0       0x20 d:/embedded projects/nti/programes/sdk_win_64/sdk_win_64/winavr/bin/../lib/gcc/avr/4.3.3/avr5\libgcc.a(_ge_sf.o)
 .debug_frame   0x000000c0       0x20 d:/embedded projects/nti/programes/sdk_win_64/sdk_win_64/winavr/bin/../lib/gcc/avr/4.3.3/avr5\libgcc.a(_lt_sf.o)
 .debug_frame   0x000000e0       0x20 d:/embedded projects/nti/programes/sdk_win_64/sdk_win_64/winavr/bin/../lib/gcc/avr/4.3.3/avr5\libgcc.a(_si_to_sf.o)
 .debug_frame   0x00000100       0x20 d:/embedded projects/nti/programes/sdk_win_64/sdk_win_64/winavr/bin/../lib/gcc/avr/4.3.3/avr5\libgcc.a(_sf_to_si.o)
 .debug_frame   0x00000120       0x20 d:/embedded projects/nti/programes/sdk_win_64/sdk_win_64/winavr/bin/../lib/gcc/avr/4.3.3/avr5\libgcc.a(_clzsi2.o)
 .debug_frame   0x00000140       0x20 d:/embedded projects/nti/programes/sdk_win_64/sdk_win_64/winavr/bin/../lib/gcc/avr/4.3.3/avr5\libgcc.a(_pack_sf.o)
 .debug_frame   0x00000160       0x20 d:/embedded projects/nti/programes/sdk_win_64/sdk_win_64/winavr/bin/../lib/gcc/avr/4.3.3/avr5\libgcc.a(_unpack_sf.o)
 .debug_frame   0x00000180       0x20 d:/embedded projects/nti/programes/sdk_win_64/sdk_win_64/winavr/bin/../lib/gcc/avr/4.3.3/avr5\libgcc.a(_fpcmp_parts_sf.o)

.debug_str      0x00000000      0x2be
 *(.debug_str)
 .debug_str     0x00000000       0xbf d:/embedded projects/nti/programes/sdk_win_64/sdk_win_64/winavr/bin/../lib/gcc/avr/4.3.3/avr5\libgcc.a(_fixunssfsi.o)
                                 0xfe (size before relaxing)
 .debug_str     0x000000bf      0x14d d:/embedded projects/nti/programes/sdk_win_64/sdk_win_64/winavr/bin/../lib/gcc/avr/4.3.3/avr5\libgcc.a(_addsub_sf.o)
                                0x206 (size before relaxing)
 .debug_str     0x0000020c       0x27 d:/embedded projects/nti/programes/sdk_win_64/sdk_win_64/winavr/bin/../lib/gcc/avr/4.3.3/avr5\libgcc.a(_mul_sf.o)
                                0x1bf (size before relaxing)
 .debug_str     0x00000233        0x8 d:/embedded projects/nti/programes/sdk_win_64/sdk_win_64/winavr/bin/../lib/gcc/avr/4.3.3/avr5\libgcc.a(_gt_sf.o)
                                0x195 (size before relaxing)
 .debug_str     0x0000023b        0x8 d:/embedded projects/nti/programes/sdk_win_64/sdk_win_64/winavr/bin/../lib/gcc/avr/4.3.3/avr5\libgcc.a(_ge_sf.o)
                                0x195 (size before relaxing)
 .debug_str     0x00000243        0x8 d:/embedded projects/nti/programes/sdk_win_64/sdk_win_64/winavr/bin/../lib/gcc/avr/4.3.3/avr5\libgcc.a(_lt_sf.o)
                                0x195 (size before relaxing)
 .debug_str     0x0000024b       0x1e d:/embedded projects/nti/programes/sdk_win_64/sdk_win_64/winavr/bin/../lib/gcc/avr/4.3.3/avr5\libgcc.a(_si_to_sf.o)
                                0x17b (size before relaxing)
 .debug_str     0x00000269        0xa d:/embedded projects/nti/programes/sdk_win_64/sdk_win_64/winavr/bin/../lib/gcc/avr/4.3.3/avr5\libgcc.a(_sf_to_si.o)
                                0x19e (size before relaxing)
 .debug_str     0x00000000      0x103 d:/embedded projects/nti/programes/sdk_win_64/sdk_win_64/winavr/bin/../lib/gcc/avr/4.3.3/avr5\libgcc.a(_thenan_sf.o)
 .debug_str     0x00000273       0x20 d:/embedded projects/nti/programes/sdk_win_64/sdk_win_64/winavr/bin/../lib/gcc/avr/4.3.3/avr5\libgcc.a(_clzsi2.o)
                                0x111 (size before relaxing)
 .debug_str     0x00000293       0x10 d:/embedded projects/nti/programes/sdk_win_64/sdk_win_64/winavr/bin/../lib/gcc/avr/4.3.3/avr5\libgcc.a(_pack_sf.o)
                                0x19d (size before relaxing)
 .debug_str     0x000002a3        0xb d:/embedded projects/nti/programes/sdk_win_64/sdk_win_64/winavr/bin/../lib/gcc/avr/4.3.3/avr5\libgcc.a(_unpack_sf.o)
                                0x17f (size before relaxing)
 .debug_str     0x000002ae       0x10 d:/embedded projects/nti/programes/sdk_win_64/sdk_win_64/winavr/bin/../lib/gcc/avr/4.3.3/avr5\libgcc.a(_fpcmp_parts_sf.o)
                                0x163 (size before relaxing)
 .debug_str     0x00000000       0xf4 d:/embedded projects/nti/programes/sdk_win_64/sdk_win_64/winavr/bin/../lib/gcc/avr/4.3.3/avr5\libgcc.a(_clz.o)

.debug_loc      0x00000000      0x90e
 *(.debug_loc)
 .debug_loc     0x00000000       0x34 d:/embedded projects/nti/programes/sdk_win_64/sdk_win_64/winavr/bin/../lib/gcc/avr/4.3.3/avr5\libgcc.a(_fixunssfsi.o)
 .debug_loc     0x00000034      0x32a d:/embedded projects/nti/programes/sdk_win_64/sdk_win_64/winavr/bin/../lib/gcc/avr/4.3.3/avr5\libgcc.a(_addsub_sf.o)
 .debug_loc     0x0000035e      0x104 d:/embedded projects/nti/programes/sdk_win_64/sdk_win_64/winavr/bin/../lib/gcc/avr/4.3.3/avr5\libgcc.a(_mul_sf.o)
 .debug_loc     0x00000462       0x3c d:/embedded projects/nti/programes/sdk_win_64/sdk_win_64/winavr/bin/../lib/gcc/avr/4.3.3/avr5\libgcc.a(_gt_sf.o)
 .debug_loc     0x0000049e       0x3c d:/embedded projects/nti/programes/sdk_win_64/sdk_win_64/winavr/bin/../lib/gcc/avr/4.3.3/avr5\libgcc.a(_ge_sf.o)
 .debug_loc     0x000004da       0x3c d:/embedded projects/nti/programes/sdk_win_64/sdk_win_64/winavr/bin/../lib/gcc/avr/4.3.3/avr5\libgcc.a(_lt_sf.o)
 .debug_loc     0x00000516       0xac d:/embedded projects/nti/programes/sdk_win_64/sdk_win_64/winavr/bin/../lib/gcc/avr/4.3.3/avr5\libgcc.a(_si_to_sf.o)
 .debug_loc     0x000005c2       0x7e d:/embedded projects/nti/programes/sdk_win_64/sdk_win_64/winavr/bin/../lib/gcc/avr/4.3.3/avr5\libgcc.a(_sf_to_si.o)
 .debug_loc     0x00000640       0x94 d:/embedded projects/nti/programes/sdk_win_64/sdk_win_64/winavr/bin/../lib/gcc/avr/4.3.3/avr5\libgcc.a(_clzsi2.o)
 .debug_loc     0x000006d4      0x13e d:/embedded projects/nti/programes/sdk_win_64/sdk_win_64/winavr/bin/../lib/gcc/avr/4.3.3/avr5\libgcc.a(_pack_sf.o)
 .debug_loc     0x00000812       0xac d:/embedded projects/nti/programes/sdk_win_64/sdk_win_64/winavr/bin/../lib/gcc/avr/4.3.3/avr5\libgcc.a(_unpack_sf.o)
 .debug_loc     0x000008be       0x50 d:/embedded projects/nti/programes/sdk_win_64/sdk_win_64/winavr/bin/../lib/gcc/avr/4.3.3/avr5\libgcc.a(_fpcmp_parts_sf.o)

.debug_macinfo
 *(.debug_macinfo)
OUTPUT(NTI_SMART_CLOCK.elf elf32-avr)
LOAD linker stubs

.debug_ranges   0x00000000       0x50
 .debug_ranges  0x00000000       0x50 d:/embedded projects/nti/programes/sdk_win_64/sdk_win_64/winavr/bin/../lib/gcc/avr/4.3.3/avr5\libgcc.a(_mul_sf.o)
